AR logica_calculadora behavioral /home/sd/Desktop/teste3/Trabalho-2-Sistemas-Digitais/calculadora_fpga/src/logica_calculadora.vhd sub00/vhpl03 1752154571
AR final_lcd behavioral /home/sd/Desktop/teste3/Trabalho-2-Sistemas-Digitais/calculadora_fpga/src/final_lcd.vhd sub00/vhpl07 1752154575
AR ascii_converter behavioral /home/sd/Desktop/teste3/Trabalho-2-Sistemas-Digitais/calculadora_fpga/src/ascii_converter.vhd sub00/vhpl05 1752154573
EN teclado_ps2 NULL /home/sd/Desktop/teste3/Trabalho-2-Sistemas-Digitais/calculadora_fpga/src/teclado_ps2.vhd sub00/vhpl00 1752154568
AR teclado_ps2 behavioral /home/sd/Desktop/teste3/Trabalho-2-Sistemas-Digitais/calculadora_fpga/src/teclado_ps2.vhd sub00/vhpl01 1752154569
EN top NULL /home/sd/Desktop/teste3/Trabalho-2-Sistemas-Digitais/calculadora_fpga/src/top.vhd sub00/vhpl08 1752154576
AR modified_lcd behavioral /home/sd/Desktop/teste3/Trabalho-2-Sistemas-Digitais/calculadora_fpga/src/modified_lcd.vhd sub00/vhpl11 1752154820
EN modified_lcd NULL /home/sd/Desktop/teste3/Trabalho-2-Sistemas-Digitais/calculadora_fpga/src/modified_lcd.vhd sub00/vhpl10 1752154819
EN logica_calculadora NULL /home/sd/Desktop/teste3/Trabalho-2-Sistemas-Digitais/calculadora_fpga/src/logica_calculadora.vhd sub00/vhpl02 1752154570
EN ascii_converter NULL /home/sd/Desktop/teste3/Trabalho-2-Sistemas-Digitais/calculadora_fpga/src/ascii_converter.vhd sub00/vhpl04 1752154572
EN final_lcd NULL /home/sd/Desktop/teste3/Trabalho-2-Sistemas-Digitais/calculadora_fpga/src/final_lcd.vhd sub00/vhpl06 1752154574
AR top behavioral /home/sd/Desktop/teste3/Trabalho-2-Sistemas-Digitais/calculadora_fpga/src/top.vhd sub00/vhpl09 1752154577
