#-----------------------------------------------------------
# PlanAhead v14.7 (64-bit)
# Build 321239 by xbuild on Fri Sep 27 19:24:36 MDT 2013
# Start of session at: Tue Jun 24 19:22:02 2025
# Process ID: 4647
# Log file: /home/ise/VirtualBox/Trabalho-2-Sistemas-Digitais/calculadora_fpga/planAhead_run_4/planAhead.log
# Journal file: /home/ise/VirtualBox/Trabalho-2-Sistemas-Digitais/calculadora_fpga/planAhead_run_4/planAhead.jou
#-----------------------------------------------------------
start_gui
source /home/ise/VirtualBox/Trabalho-2-Sistemas-Digitais/calculadora_fpga/pa.fromHdl.tcl
update_compile_order -fileset sim_1
startgroup
set_property package_pin W21 [get_ports {dado_ascii_out[7]}]
endgroup
startgroup
set_property package_pin Y22 [get_ports {dado_ascii_out[6]}]
endgroup
startgroup
set_property package_pin V20 [get_ports {dado_ascii_out[5]}]
endgroup
startgroup
set_property package_pin V19 [get_ports {dado_ascii_out[4]}]
endgroup
startgroup
set_property package_pin U19 [get_ports {dado_ascii_out[3]}]
endgroup
startgroup
set_property package_pin U20 [get_ports {dado_ascii_out[2]}]
endgroup
startgroup
set_property package_pin T19 [get_ports {dado_ascii_out[1]}]
endgroup
startgroup
set_property package_pin R20 [get_ports {dado_ascii_out[0]}]
endgroup
save_constraints
startgroup
set_property package_pin C9 [get_ports clk]
endgroup
startgroup
set_property package_pin W12 [get_ports ps2_clk]
endgroup
startgroup
set_property package_pin V11 [get_ports ps2_data]
endgroup
startgroup
set_property package_pin T15 [get_ports reset]
endgroup
set_property iostandard LVCMOS33 [get_ports [list {dado_ascii_out[6]}]]
set_property iostandard LVCMOS33 [get_ports [list {dado_ascii_out[5]}]]
set_property is_loc_fixed false [get_ports [list  ps2_clk]]
set_property iostandard LVCMOS33 [get_ports [list {dado_ascii_out[7]}]]
set_property iostandard LVCMOS33 [get_ports [list {dado_ascii_out[4]}]]
set_property iostandard LVCMOS33 [get_ports [list {dado_ascii_out[3]}]]
set_property iostandard LVCMOS33 [get_ports [list {dado_ascii_out[2]}]]
set_property iostandard LVCMOS33 [get_ports [list {dado_ascii_out[1]}]]
set_property iostandard LVCMOS33 [get_ports [list {dado_ascii_out[0]}]]
set_property iostandard LVCMOS33 [get_ports [list clk]]
set_property iostandard LVCMOS33 [get_ports [list ps2_clk]]
set_property iostandard LVCMOS33 [get_ports [list ps2_data]]
set_property iostandard LVCMOS33 [get_ports [list reset]]
save_constraints
